--------------------------------------------------------------------------------------
Timing Analyzer Summary
--------------------------------------------------------------------------------------

Type           : Worst-case tco
Slack          : N/A
Required Time  : None
Actual Time    : 31.083 ns
From           : instruction_memory:InstructionMemory|rom:MemoriaRom|altsyncram:altsyncram_component|altsyncram_2h91:auto_generated|ram_block1a0~porta_address_reg7
To             : nextPC[24]
From Clock     : clock
To Clock       : --
Failed Paths   : 0

Type           : Clock Setup: 'clock'
Slack          : N/A
Required Time  : None
Actual Time    : 24.06 MHz ( period = 41.562 ns )
From           : instruction_memory:InstructionMemory|rom:MemoriaRom|altsyncram:altsyncram_component|altsyncram_2h91:auto_generated|ram_block1a0~porta_address_reg7
To             : program_counter:ProgramCounter|lpm_dff:133|dffs[26]
From Clock     : clock
To Clock       : clock
Failed Paths   : 0

Type           : Total number of failed paths
Slack          : 
Required Time  : 
Actual Time    : 
From           : 
To             : 
From Clock     : 
To Clock       : 
Failed Paths   : 0

--------------------------------------------------------------------------------------

